{
  "tableToSyncModelClass": "org.openmrs.sync.component.model.PersonModel",
  "model": {
    "uuid": "72899fd4-0ae4-11ea-ac3a-9fa06f03cd9d",
    "creatorUuid": null		,
    "dateCreated": [
      2005,
      1,
      1,
      1,
      0
    ],
    "changedByUuid": null,
    "dateChanged": [
      2019,
      9,
      6,
      18,
      46,
      4
    ],
    "voided": false,
    "voidedByUuid": null,
    "dateVoided": null,
    "voidReason": null,
    "retired": false,
    "retiredByUuid": null,
    "dateRetired": null,
    "retiredReason": null,
    "gender": "F",
    "birthdate": null,
    "birthdateEstimated": false,
    "dead": true,
    "deathDate": null,
    "causeOfDeathUuid": null,
    "deathdateEstimated": false,
    "birthtime": null
  }
}
