{
  "tableToSyncModelClass": "org.openmrs.sync.component.model.PersonAttributeModel",
  "model": {
    "uuid": "6e8d20d3-d915-3d32-8e95-d94afb6fcab1",
    "creatorUuid": "org.openmrs.sync.component.entity.light.UserLight(dc52355a-0f8c-11ea-872f-37831adb4910)",
    "dateCreated": [
      2019,
      5,
      3,
      5,
      53,
      46
    ],
    "voided": false,
    "dateVoided": null,
    "voidReason": null,
    "value": "Kerlange",
    "voidedByUuid": null,
    "personUuid": "org.openmrs.sync.component.entity.light.PatientLight(5126819d-80e5-31f2-a0e9-f42575f84a54)",
    "personAttributeTypeUuid": "org.openmrs.sync.component.entity.light.PersonAttributeTypeLight(e27326d8-0f8c-11ea-a75e-478143ec166b)"
  }
}