{
  "tableToSyncModelClass": "org.openmrs.sync.component.model.PersonAttributeModel",
  "model": {
    "uuid": "faadc59c-b240-3caa-882a-db61c614b314",
    "creatorUuid": "org.openmrs.sync.component.entity.light.UserLight(dc52355a-0f8c-11ea-872f-37831adb4910)",
    "dateCreated": [
      2019,
      5,
      3,
      5,
      53,
      48
    ],
    "dateChanged": null,
    "changedByUuid": null,
    "voided": false,
    "voidedByUuid": null,
    "dateVoided": null,
    "voidReason": null,
    "retired": false,
    "retiredByUuid": null,
    "dateRetired": null,
    "retiredReason": null,
    "personUuid": "org.openmrs.sync.component.entity.light.PatientLight(86b5c1ca-034e-34a4-a85e-8ad56b038987)",
    "value": "Joseph Roseleine",
    "personAttributeTypeUuid": "org.openmrs.sync.component.entity.light.PersonAttributeTypeLight(e27326d8-0f8c-11ea-a75e-478143ec166b)"
  }
}