{
  "tableToSyncModelClass": "org.openmrs.sync.component.model.PersonAttributeModel",
  "model": {
    "uuid": "e19bc490-d02e-37d8-9c7b-6157f85977a4",
    "creatorUuid": "org.openmrs.sync.component.entity.light.UserLight(dc52355a-0f8c-11ea-872f-37831adb4910)",
    "dateCreated": [
      2019,
      5,
      3,
      5,
      53,
      48
    ],
    "changedByUuid": "org.openmrs.sync.component.entity.light.UserLight(dc52355a-0f8c-11ea-872f-37831adb4910)",
    "dateChanged": [
      2019,
      5,
      3,
      5,
      53,
      48
    ],
    "voided": false,
    "voidedByUuid": null,
    "dateVoided": null,
    "voidReason": null,
    "retired": false,
    "retiredByUuid": null,
    "dateRetired": null,
    "retiredReason": null,
    "value": "Sa Grande Mere",
    "personUuid": "org.openmrs.sync.component.entity.light.PatientLight(86b5c1ca-034e-34a4-a85e-8ad56b038987)",
    "personAttributeTypeUuid": "org.openmrs.sync.component.entity.light.PersonAttributeTypeLight(ffc71770-49cb-11ea-b9fc-83c088608e41)"
  }
}