{
  "tableToSyncModelClass": "org.openmrs.sync.component.model.PersonAttributeModel",
  "model": {
    "uuid": "98cf2b12-3ad9-38ad-bc6f-7a954affaa09",
    "creatorUuid": "org.openmrs.sync.component.entity.light.UserLight(dc52355a-0f8c-11ea-872f-37831adb4910)",
    "dateCreated": [
      2019,
      5,
      3,
      5,
      53,
      48
    ],
    "changedByUuid": "org.openmrs.sync.component.entity.light.UserLight(dc52355a-0f8c-11ea-872f-37831adb4910)",
    "dateChanged": [
      2019,
      5,
      3,
      5,
      53,
      48
    ],
    "voided": false,
    "voidedByUuid": null,
    "dateVoided": null,
    "voidReason": null,
    "retired": false,
    "retiredByUuid": null,
    "dateRetired": null,
    "retiredReason": null,
    "value": "Graver",
    "personUuid": "org.openmrs.sync.component.entity.light.PatientLight(86b5c1ca-034e-34a4-a85e-8ad56b038987)",
    "personAttributeTypeUuid": "org.openmrs.sync.component.entity.light.PersonAttributeTypeLight(eb0da408-0f8c-11ea-a9de-5b378bd66f6b)"
  }
}