{
  "tableToSyncModelClass": "org.openmrs.sync.component.model.PersonAttributeModel",
  "model": {
    "uuid": "dd199660-acf9-3093-9f9c-997d5fb9c9af",
    "creatorUuid": "org.openmrs.sync.component.entity.light.UserLight(dc52355a-0f8c-11ea-872f-37831adb4910)",
    "dateCreated": [
      2019,
      5,
      3,
      5,
      53,
      46
    ],
    "changedByUuid": "org.openmrs.sync.component.entity.light.UserLight(dc52355a-0f8c-11ea-872f-37831adb4910)",
    "dateChanged": [
      2019,
      5,
      3,
      5,
      53,
      46
    ],
    "voided": false,
    "voidedByUuid": null,
    "dateVoided": null,
    "voidReason": null,
    "retired": false,
    "retiredByUuid": null,
    "dateRetired": null,
    "retiredReason": null,
    "value": "Emergency Contact",
    "personUuid": "org.openmrs.sync.component.entity.light.PatientLight(5126819d-80e5-31f2-a0e9-f42575f84a54)",
    "personAttributeTypeUuid": "org.openmrs.sync.component.entity.light.PersonAttributeTypeLight(2601fa62-49c3-11ea-be03-ffa5a050979e)"
  }
}