{
  "tableToSyncModelClass": "org.openmrs.sync.component.model.ObservationModel",
  "model": {
    "uuid": "c2ba8120-97a0-3c30-b8a5-f5ed40465652",
    "creatorUuid": "org.openmrs.sync.component.entity.light.UserLight(dc52355a-0f8c-11ea-872f-37831adb4910)",
    "dateCreated": [
      2019,
      5,
      3,
      6,
      25,
      16
    ],
    "dateChanged": [
      2019,
      5,
      3,
      6,
      25,
      16
    ],
    "voided": false,
    "dateVoided": null,
    "voidReason": null,
    "retired": false,
    "dateRetired": null,
    "retiredReason": null,
    "obsDatetime": [
      2017,
      7,
      28,
      9,
      48,
      26
    ],
    "accessionNumber": null,
    "valueGroupId": null,
    "valueDatetime": null,
    "valueNumeric": null,
    "valueModifier": null,
    "valueText": null,
    "valueComplex": null,
    "comments": null,
    "formNamespaceAndPath": null,
    "status": "FINAL",
    "interpretation": null,
    "changedByUuid": "org.openmrs.sync.component.entity.light.UserLight(dc52355a-0f8c-11ea-872f-37831adb4910)",
    "voidedByUuid": null,
    "retiredByUuid": null,
    "personUuid": "org.openmrs.sync.component.entity.light.PatientLight(f6b3c755-acbc-3220-8bf9-863a26eff14b)",
    "conceptUuid": "org.openmrs.sync.component.entity.light.ConceptLight(12b500da-cc01-4172-a84c-f8888be78b90)",
    "encounterUuid": "org.openmrs.sync.component.entity.light.EncounterLight(fbd1978b-9c72-3db5-8f82-365b39e66421)",
    "orderUuid": null,
    "locationUuid": "org.openmrs.sync.component.entity.light.LocationLight(51ca9bc0-1e57-475e-9065-ad13154ef401)",
    "obsGroupUuid": "org.openmrs.sync.component.entity.light.ObservationLight(a559fa3c-2bc5-39f7-9e54-7e9578214b99)",
    "valueCodedUuid": "org.openmrs.sync.component.entity.light.ConceptLight(d3e76a1c-f92a-4854-9a5f-2afcd3e9195f)",
    "valueCodedNameUuid": null,
    "valueDrugUuid": null,
    "previousVersionUuid": null
  }
}