{
  "tableToSyncModelClass": "org.openmrs.sync.component.model.PatientIdentifierModel",
  "model": {
    "uuid": "1b76e6d9-f9c8-3320-a5f6-458b108dd0a5",
    "creatorUuid": "org.openmrs.sync.component.entity.light.UserLight(dc52355a-0f8c-11ea-872f-37831adb4910)",
    "dateCreated": [
      2019,
      5,
      3,
      6,
      17,
      55
    ],
    "dateChanged": [
      2019,
      5,
      3,
      6,
      17,
      55
    ],
    "voided": false,
    "dateVoided": null,
    "voidReason": null,
    "retired": false,
    "dateRetired": null,
    "retiredReason": null,
    "identifier": "420734",
    "preferred": false,
    "changedByUuid": "org.openmrs.sync.component.entity.light.UserLight(dc52355a-0f8c-11ea-872f-37831adb4910)",
    "voidedByUuid": null,
    "retiredByUuid": null,
    "patientUuid": "org.openmrs.sync.component.entity.light.PatientLight(31ecfdf4-acf7-30a2-84c1-5c100ed05ad5)",
    "patientIdentifierTypeUuid": "org.openmrs.sync.component.entity.light.PatientIdentifierTypeLight(65a65a7c-4c30-11ea-9a91-2f74e95af762)",
    "locationUuid": null
  }
}