{
  "tableToSyncModelClass": "org.openmrs.sync.component.model.PersonAttributeModel",
  "model": {
    "uuid": "e1311a90-8f91-3d1f-8583-d229d5400b21",
    "creatorUuid": "org.openmrs.sync.component.entity.light.UserLight(dc52355a-0f8c-11ea-872f-37831adb4910)",
    "dateCreated": [
      2019,
      5,
      3,
      7,
      10,
      18
    ],
    "dateChanged": [
      2019,
      5,
      3,
      7,
      10,
      18
    ],
    "voided": false,
    "dateVoided": null,
    "voidReason": null,
    "retired": false,
    "dateRetired": null,
    "retiredReason": null,
    "value": "Commer√ßant",
    "changedByUuid": "org.openmrs.sync.component.entity.light.UserLight(dc52355a-0f8c-11ea-872f-37831adb4910)",
    "voidedByUuid": null,
    "retiredByUuid": null,
    "personUuid": "org.openmrs.sync.component.entity.light.PatientLight(a38be1d7-6342-369d-ad7c-12919d451162)",
    "personAttributeTypeUuid": "org.openmrs.sync.component.entity.light.PersonAttributeTypeLight(828dd396-4c20-11ea-a667-9b1b455865b7)"
  }
}