{
  "tableToSyncModelClass": "org.openmrs.sync.component.model.PersonNameModel",
  "model": {
    "uuid": "9f8ee9e2-f855-3040-95a0-a16b82fbf36b",
    "creatorUuid": "org.openmrs.sync.component.entity.light.UserLight(dc52355a-0f8c-11ea-872f-37831adb4910)",
    "dateCreated": [
      2019,
      5,
      3,
      7,
      25,
      10
    ],
    "dateChanged": null,
    "changedByUuid": null,
    "voided": false,
    "voidedByUuid": null,
    "dateVoided": null,
    "voidReason": null,
    "retired": false,
    "retiredByUuid": null,
    "dateRetired": null,
    "retiredReason": null,
    "preferred": false,
    "personUuid": "org.openmrs.sync.component.entity.light.PatientLight(05eeac8d-100e-3fd7-a258-a33a663661c1)",
    "prefix": null,
    "givenName": "Anouse",
    "middleName": null,
    "familyNamePrefix": null,
    "familyName": "Ilioma",
    "familyName2": null,
    "familyNameSuffix2": null,
    "degree": null
  }
}