{
  "tableToSyncModelClass": "org.openmrs.sync.component.model.PatientIdentifierModel",
  "model": {
    "uuid": "fd1b1031-acd7-31c5-a47c-e1a9458ec3da",
    "creatorUuid": "org.openmrs.sync.component.entity.light.UserLight(dc52355a-0f8c-11ea-872f-37831adb4910)",
    "dateCreated": [
      2019,
      5,
      3,
      6,
      17,
      55
    ],
    "dateChanged": null,
    "voided": false,
    "dateVoided": null,
    "voidReason": null,
    "retired": false,
    "dateRetired": null,
    "retiredReason": null,
    "identifier": "5956B33D-1110-4182-BC43-55D2FBE9A676",
    "preferred": false,
    "changedByUuid": null,
    "voidedByUuid": null,
    "retiredByUuid": null,
    "patientUuid": "org.openmrs.sync.component.entity.light.PatientLight(31ecfdf4-acf7-30a2-84c1-5c100ed05ad5)",
    "patientIdentifierTypeUuid": "org.openmrs.sync.component.entity.light.PatientIdentifierTypeLight(ea2ae452-4c30-11ea-a97c-a38682ba76bc)",
    "locationUuid": null
  }
}