{
  "tableToSyncModelClass": "org.openmrs.sync.component.model.PersonAddressModel",
  "model": {
    "uuid": "223df7c6-520e-382d-ace4-1d5f2f8ff382",
    "creatorUuid": "org.openmrs.sync.component.entity.light.UserLight(dc52355a-0f8c-11ea-872f-37831adb4910)",
    "dateCreated": [
      2019,
      5,
      3,
      7,
      25,
      10
    ],
    "dateChanged": [
      2019,
      5,
      3,
      7,
      25,
      10
    ],
    "voided": false,
    "dateVoided": null,
    "voidReason": null,
    "retired": false,
    "dateRetired": null,
    "retiredReason": null,
    "address1": "Novion",
    "address2": "",
    "address3": null,
    "address4": null,
    "address5": null,
    "address6": null,
    "address7": null,
    "address8": null,
    "address9": null,
    "address10": null,
    "address11": null,
    "address12": null,
    "address13": null,
    "address14": null,
    "address15": null,
    "cityVillage": null,
    "stateProvince": null,
    "postalCode": null,
    "country": null,
    "latitude": null,
    "longitude": null,
    "countyDistrict": null,
    "preferred": false,
    "changedByUuid": "org.openmrs.sync.component.entity.light.UserLight(dc52355a-0f8c-11ea-872f-37831adb4910)",
    "voidedByUuid": null,
    "retiredByUuid": null,
    "personUuid": "org.openmrs.sync.component.entity.light.PatientLight(05eeac8d-100e-3fd7-a258-a33a663661c1)"
  }
}