{
  "tableToSyncModelClass": "org.openmrs.sync.component.model.PersonAttributeModel",
  "model": {
    "uuid": "f31c3e84-fa85-3e7c-83da-e54e9cd2bba2",
    "creatorUuid": "org.openmrs.sync.component.entity.light.UserLight(dc52355a-0f8c-11ea-872f-37831adb4910)",
    "dateCreated": [
      2019,
      5,
      3,
      7,
      10,
      18
    ],
    "changedByUuid": "org.openmrs.sync.component.entity.light.UserLight(dc52355a-0f8c-11ea-872f-37831adb4910)",
    "dateChanged": [
      2019,
      5,
      3,
      7,
      10,
      18
    ],
    "voided": false,
    "voidedByUuid": null,
    "dateVoided": null,
    "voidReason": null,
    "retired": false,
    "retiredByUuid": null,
    "dateRetired": null,
    "retiredReason": null,
    "value": "Married",
    "personUuid": "org.openmrs.sync.component.entity.light.PatientLight(a38be1d7-6342-369d-ad7c-12919d451162)",
    "personAttributeTypeUuid": "org.openmrs.sync.component.entity.light.PersonAttributeTypeLight(4d769542-4bfa-11ea-8e3d-2727b4b143f6)"
  }
}