{
  "tableToSyncModelClass": "org.openmrs.sync.component.model.VisitModel",
  "model": {
    "uuid": "f21f43e6-722d-3239-8251-f02daab71515",
    "creatorUuid": "org.openmrs.sync.component.entity.light.UserLight(dc52355a-0f8c-11ea-872f-37831adb4910)",
    "dateCreated": [
      2019,
      5,
      3,
      6,
      46,
      57
    ],
    "voided": false,
    "dateVoided": null,
    "voidReason": null,
    "voidedByUuid": null,
    "visitTypeUuid": "org.openmrs.sync.component.entity.light.VisitTypeLight(1bc7ebf6-eed8-45e1-b28b-1cd80105d82e)",
    "patientUuid": "org.openmrs.sync.component.entity.light.PatientLight(f6b3c755-acbc-3220-8bf9-863a26eff14b)",
    "locationUuid": "org.openmrs.sync.component.entity.light.LocationLight(51ca9bc0-1e57-475e-9065-ad13154ef401)",
    "dateStarted": [
      2017,
      7,
      28,
      8,
      48,
      17
    ],
    "dateStopped": [
      2017,
      7,
      28,
      10,
      5,
      15
    ],
    "indicationConceptUuid": null
  }
}