{
  "tableToSyncModelClass": "org.openmrs.sync.component.model.EncounterModel",
  "model": {
    "uuid": "fbd1978b-9c72-3db5-8f82-365b39e66421",
    "creatorUuid": "org.openmrs.sync.component.entity.light.UserLight(dc52355a-0f8c-11ea-872f-37831adb4910)",
    "dateCreated": [
      2019,
      5,
      3,
      6,
      46,
      57
    ],
    "changedByUuid": "org.openmrs.sync.component.entity.light.UserLight(dc52355a-0f8c-11ea-872f-37831adb4910)",
    "dateChanged": [
      2019,
      5,
      3,
      6,
      46,
      57
    ],
    "voided": false,
    "voidedByUuid": null,
    "dateVoided": null,
    "voidReason": null,
    "retired": false,
    "retiredByUuid": null,
    "dateRetired": null,
    "retiredReason": null,
    "encounterTypeUuid": "org.openmrs.sync.component.entity.light.EncounterTypeLight(af8f3f73-fb95-482b-ad9e-ba6b9a04289d)",
    "patientUuid": "org.openmrs.sync.component.entity.light.PatientLight(f6b3c755-acbc-3220-8bf9-863a26eff14b)",
    "locationUuid": "org.openmrs.sync.component.entity.light.LocationLight(51ca9bc0-1e57-475e-9065-ad13154ef401)",
    "formUuid": null,
    "encounterDatetime": [
      2017,
      7,
      28,
      8,
      48,
      17
    ],
    "visitUuid": "org.openmrs.sync.component.entity.light.VisitLight(f21f43e6-722d-3239-8251-f02daab71515)"
  }
}