{
  "tableToSyncModelClass": "org.openmrs.sync.component.model.ObservationModel",
  "model": {
    "uuid": "71d99b39-84a0-33a6-8d00-8610ca992d37",
    "creatorUuid": "org.openmrs.sync.component.entity.light.UserLight(dc52355a-0f8c-11ea-872f-37831adb4910)",
    "dateCreated": [
      2019,
      5,
      3,
      6,
      46,
      57
    ],
    "dateChanged": [
      2019,
      5,
      3,
      6,
      46,
      57
    ],
    "changedByUuid": "org.openmrs.sync.component.entity.light.UserLight(dc52355a-0f8c-11ea-872f-37831adb4910)",
    "voided": false,
    "voidedByUuid": null,
    "dateVoided": null,
    "voidReason": null,
    "retired": false,
    "retiredByUuid": null,
    "dateRetired": null,
    "retiredReason": null,
    "personUuid": "org.openmrs.sync.component.entity.light.PatientLight(f6b3c755-acbc-3220-8bf9-863a26eff14b)",
    "conceptUuid": "org.openmrs.sync.component.entity.light.ConceptLight(a19916ac-11b1-4d4b-bba8-fc7b074bf3e7)",
    "encounterUuid": "org.openmrs.sync.component.entity.light.EncounterLight(fbd1978b-9c72-3db5-8f82-365b39e66421)",
    "orderUuid": null,
    "obsDatetime": [
      2017,
      7,
      28,
      8,
      48,
      17
    ],
    "locationUuid": "org.openmrs.sync.component.entity.light.LocationLight(51ca9bc0-1e57-475e-9065-ad13154ef401)",
    "obsGroupUuid": null,
    "accessionNumber": null,
    "valueGroupId": null,
    "valueCodedUuid": null,
    "valueCodedNameUuid": null,
    "valueDrugUuid": null,
    "valueDatetime": null,
    "valueNumeric": "36.5",
    "valueModifier": null,
    "valueText": null,
    "valueComplex": null,
    "comments": null,
    "previousVersionUuid": null,
    "formNamespaceAndPath": null,
    "status": "FINAL",
    "interpretation": null
  }
}